0+0*i
sqrt(16)=4
3.1415926=22/7
-3.1415926=-3.14159
(1,-1) * i
(1,1)
3
3+0
2+1
1+2
gcd-3
gcd-3a
gcd-3b
