Left<d,c>(3.14)
Right<d,c>(S)
Left<i,b>(3)
Right<i,b>(1)
Left<i,b>(3)
Right<i,b>(1)
Left<i,b>(3)
Right<i,b>(1)
