Null
Null
Null
Null
Real      number: 2
Real      number: 2
Real      number: +2
Real      number: 2
Imaginary number: 2*i
Imaginary number: 2*i
Complex   number: 2*e^(i*1.5708)
Complex   number: 0+2*i
Complex   number: 3.14+2.15*i
Complex   number: 3.14+2.15*i
Complex   number: 3.80554*e^(i*0.600393)
Complex   number: 3.14+2.15*i
