42
(X+X)
0
(X%(X+X))
9443496
((X+X)-(X%(X+X)))
0
min(X,(X+X))
9443484
((X+X)-min(X,(X+X)))
9443484
((X*X)+(X*X))
(X*(X+X))
