(3.14,2.15)
The polar form of (3.14,2.15) is 3.80554*e^i*0.600393rad (3.14,2.15)
(3.14,2.15)
The polar form of (3.14,2.15) is 3.80554*e^i*0.600393rad (3.14,2.15)
(3.14,2.15)
Null
Real number
Imaginary number
Complex number
Null
Imaginary number
Complex number
Complex number
