0+1*i
0<1
(0,1)
1+-1,1+0
-1+1,0+1
1*e^i1.5708
1<1.5708
2*0.5,2*0.785398
0.5*2,0.785398*2
0.5*2,0.785398*2>1.2
0.5*2, ???
0.5*2<1.2, ???
