0 is Even
1 is Odd
2 is Even
3 is Odd
4 is Even
5 is Odd
6 is Even
7 is Odd
8 is Even
9 is Odd
