get(values,N-1) == a in file pattern_composition.cpp[168]
get(values,N-1) == c in file pattern_composition.cpp[170]
(T&)mrcr == c in file pattern_composition.cpp[209]
(T&)mrmr == c in file pattern_composition.cpp[210]
get(values,N-1) == a in file pattern_composition.cpp[168]
get(values,N-1) == c in file pattern_composition.cpp[170]
(T&)mrcr == c in file pattern_composition.cpp[209]
(T&)mrmr == c in file pattern_composition.cpp[210]
get(values,N-1) == a in file pattern_composition.cpp[168]
get(values,N-1) == c in file pattern_composition.cpp[170]
(T&)mrcr == c in file pattern_composition.cpp[209]
(T&)mrmr == c in file pattern_composition.cpp[210]
get(values,N-1) == a in file pattern_composition.cpp[168]
get(values,N-1) == c in file pattern_composition.cpp[170]
(T&)mrcr == c in file pattern_composition.cpp[209]
(T&)mrmr == c in file pattern_composition.cpp[210]
get(values,N-1) == a in file pattern_composition.cpp[168]
get(values,N-1) == c in file pattern_composition.cpp[170]
(T&)mrcr == c in file pattern_composition.cpp[209]
(T&)mrmr == c in file pattern_composition.cpp[210]
get(values,N-1) == a in file pattern_composition.cpp[168]
get(values,N-1) == c in file pattern_composition.cpp[170]
(T&)mrcr == c in file pattern_composition.cpp[209]
(T&)mrmr == c in file pattern_composition.cpp[210]
