110000000000000000000000000 atom
110000000000000000000000000 atom
001100000000000000000000000 42
001100000000000000000000000 42
000011000000000000000000000 3.14
000011000000000000000000000 3.14
000000110000000000000000000 $string$
000000110000000000000000000 $string$
000000001100000000000000000 X
000000001100000000000000000 X
000000000010000000000000000 test(a1,7,3.14159,$sss$,X)
000000000001000000000000000 test(a1,7,3.14159,$sss$,X)
000000000000110000000000000 [a2,Y]
000000000000110000000000000 [a2,Y]
000000000000001100000000000 ==()
000000000000001100000000000 ==()
000000000000000011000000000 % comment
000000000000000011000000000 % comment
000000000000000000100000000 atom2
000000000000000000010000000 4
000000000000000000001000000 3.1415
000000000000000000000100000 $string2$
000000000000000000000010000 Y
000000000000000000000001000 test(a1,8,3.14159,$sss$,X)
000000000000000000000000100 [a2,Z]
000000000000000000000000010 !=()
000000000000000000000000001 % another comment
Unifying f(a,X,g(y,Y)) and f(Y,b,Z)
       X -> b
       Y -> a
       Z -> g(y,a)
Unifying f(X,Y,g(Z)) and f(X,g(h(Z)),Y)
	ERROR: Unable to unify
Unifying p(f(A),g(X)) and p(Y,Y)
	ERROR: Unable to unify
Unifying p(a,X,h(g(Z))) and p(Z,h(Y),h(Y))
       X -> h(g(a))
       Y -> g(a)
       Z -> a
Unifying f(X,b,g(Z)) and f(f(Y),Y,g(U))
       X -> f(b)
       Y -> b
       Z -> U
Unifying p(X,Y) and p(X,f(Y))
	ERROR: Unable to unify
