1977-04-01 is a Date YYYY-MM-DD: 1977-4-1
1977-20-01 is a Date YYYY-DD-MM: 1977-1-20
979-739-3587 is a Local Phone
571-739-3587 is a Phone with area code 571
XXX-739-3587 is a UNRECOGNIZED
971-739-3587 is a Texas Phone 
1977 is a 4 digits
var1 is a Identifier
