Circle
Square
Triangle
10
CASES
Circle
Square
Triangle
10
Circle
Square>1
Triangle
10
Circle
Square
Triangle
10
ADTCircle
ADTSquare>1
ADTTriangle
10
ADTCircle
ADTSquare
ADTTriangle
10
Circle
Square>1
Triangle
10
