Circle
Square
Triangle
10
Circle
Square
Triangle
10
Circle
Square
Triangle
10
ADTCircle
ADTSquare
ADTTriangle
10
