Area: Triangle
0.5
Area: Triangle
0.5
Area: Square
4
Area: Square
4
Area: Circle
153.86
Area: Circle
153.86
