------------------- Case/Qua No  Otherwise -------------------
Circle({1,1},7)
Square({1,1},2)
Triangle({1,1},{1,0},{0,0})
------------------- Case/Qua Yes Otherwise -------------------
Circle({1,1},7)
Other()
Square({1,1},2)
Other()
Triangle({1,1},{1,0},{0,0})
Other()
------------------- When     No  Otherwise -------------------
Circle({1,1},7>5)
Circle({1,1},7>3)
Circle({1,1},7>1)
Circle({1,1},7>0)
Circle({1,1},7$$)
Square({1,1},2>1)
Square({1,1},2>0)
Square({1,1},2$$)
Triangle({1,1},{1,0},0>=0)
Triangle({1,1},{1,0},0==0)
Triangle({1,1},{1,0},0<=0)
Triangle({1,1},{1,0},0$$0)
------------------- When     Yes Otherwise -------------------
Circle({1,1},7>5)
Circle({1,1},7>3)
Circle({1,1},7>1)
Circle({1,1},7>0)
Circle({1,1},7$$)
Other()
Square({1,1},2>1)
Square({1,1},2>0)
Square({1,1},2$$)
Other()
Triangle({1,1},{1,0},0>=0)
Triangle({1,1},{1,0},0==0)
Triangle({1,1},{1,0},0<=0)
Triangle({1,1},{1,0},0$$0)
Other()
------------------- When     Empty -------------------
