------------------- Case/Qua No  Otherwise -------------------
Circle({1,1},7)
Square({1,1},2)
Triangle({1,1},{1,0},{0,0})
------------------- Case/Qua Yes Otherwise -------------------
Circle({1,1},7)
Square({1,1},2)
Triangle({1,1},{1,0},{0,0})
------------------- When     No  Otherwise -------------------
Circle({1,1},7>5)
Square({1,1},2>1)
Triangle({1,1},{1,0},0>=0)
------------------- When     Yes Otherwise -------------------
Circle({1,1},7>5)
Square({1,1},2>1)
Triangle({1,1},{1,0},0>=0)
------------------- When     Empty -------------------
