C
S
T
other
C,S
C,T
S,C
other
S,T
T,C
T,S
T,T
C,C,C
C,C,S
C,C,T
C,S,C
C,S,S
C,S,T
C,T,C
C,T,S
C,T,T
other
other
other
S,S,C
S,S,S
S,S,T
S,T,C
S,T,S
S,T,T
T,C,C
T,C,S
T,C,T
T,S,C
T,S,S
T,S,T
T,T,C
T,T,S
T,T,T
C,C,C,C
C,C,C,S
C,C,C,T
C,C,S,C
C,C,S,S
C,C,S,T
C,C,T,C
C,C,T,S
C,C,T,T
C,S,C,C
C,S,C,S
C,S,C,T
C,S,S,C
C,S,S,S
C,S,S,T
C,S,T,C
C,S,T,S
C,S,T,T
C,T,C,C
C,T,C,S
C,T,C,T
C,T,S,C
C,T,S,S
C,T,S,T
C,T,T,C
C,T,T,S
C,T,T,T
S,C,C,C
S,C,C,S
S,C,C,T
S,C,S,C
S,C,S,S
S,C,S,T
S,C,T,C
S,C,T,S
S,C,T,T
S,S,C,C
S,S,C,S
S,S,C,T
S,S,S,C
S,S,S,S
S,S,S,T
S,S,T,C
S,S,T,S
S,S,T,T
S,T,C,C
S,T,C,S
S,T,C,T
S,T,S,C
S,T,S,S
S,T,S,T
S,T,T,C
S,T,T,S
S,T,T,T
T,C,C,C
T,C,C,S
T,C,C,T
T,C,S,C
T,C,S,S
T,C,S,T
T,C,T,C
T,C,T,S
T,C,T,T
T,S,C,C
T,S,C,S
T,S,C,T
T,S,S,C
T,S,S,S
T,S,S,T
T,S,T,C
T,S,T,S
T,S,T,T
T,T,C,C
T,T,C,S
T,T,C,T
T,T,S,C
T,T,S,S
T,T,S,T
T,T,T,C
T,T,T,S
T,T,T,T
C
S
T
other
C,S
C,T
S,C
other
S,T
T,C
T,S
T,T
C,C,C
C,C,S
C,C,T
C,S,C
C,S,S
C,S,T
C,T,C
C,T,S
C,T,T
other
other
other
S,S,C
S,S,S
S,S,T
S,T,C
S,T,S
S,T,T
T,C,C
T,C,S
T,C,T
T,S,C
T,S,S
T,S,T
T,T,C
T,T,S
T,T,T
C,C,C,C
C,C,C,S
C,C,C,T
C,C,S,C
C,C,S,S
C,C,S,T
C,C,T,C
C,C,T,S
C,C,T,T
C,S,C,C
C,S,C,S
C,S,C,T
C,S,S,C
C,S,S,S
C,S,S,T
C,S,T,C
C,S,T,S
C,S,T,T
C,T,C,C
C,T,C,S
C,T,C,T
C,T,S,C
C,T,S,S
C,T,S,T
C,T,T,C
C,T,T,S
C,T,T,T
S,C,C,C
S,C,C,S
S,C,C,T
S,C,S,C
S,C,S,S
S,C,S,T
S,C,T,C
S,C,T,S
S,C,T,T
S,S,C,C
S,S,C,S
S,S,C,T
S,S,S,C
S,S,S,S
S,S,S,T
S,S,T,C
S,S,T,S
S,S,T,T
S,T,C,C
S,T,C,S
S,T,C,T
S,T,S,C
S,T,S,S
S,T,S,T
S,T,T,C
S,T,T,S
S,T,T,T
T,C,C,C
T,C,C,S
T,C,C,T
T,C,S,C
T,C,S,S
T,C,S,T
T,C,T,C
T,C,T,S
T,C,T,T
T,S,C,C
T,S,C,S
T,S,C,T
T,S,S,C
T,S,S,S
T,S,S,T
T,S,T,C
T,S,T,S
T,S,T,T
T,T,C,C
T,T,C,S
T,T,C,T
T,T,S,C
T,T,S,S
T,T,S,T
T,T,T,C
T,T,T,S
T,T,T,T
C
S
T
other
C,S
C,T
S,C
other
S,T
T,C
T,S
T,T
C,C,C
C,C,S
C,C,T
C,S,C
C,S,S
C,S,T
C,T,C
C,T,S
C,T,T
other
other
other
S,S,C
S,S,S
S,S,T
S,T,C
S,T,S
S,T,T
T,C,C
T,C,S
T,C,T
T,S,C
T,S,S
T,S,T
T,T,C
T,T,S
T,T,T
C,C,C,C
C,C,C,S
C,C,C,T
C,C,S,C
C,C,S,S
C,C,S,T
C,C,T,C
C,C,T,S
C,C,T,T
C,S,C,C
C,S,C,S
C,S,C,T
C,S,S,C
C,S,S,S
C,S,S,T
C,S,T,C
C,S,T,S
C,S,T,T
C,T,C,C
C,T,C,S
C,T,C,T
C,T,S,C
C,T,S,S
C,T,S,T
C,T,T,C
C,T,T,S
C,T,T,T
S,C,C,C
S,C,C,S
S,C,C,T
S,C,S,C
S,C,S,S
S,C,S,T
S,C,T,C
S,C,T,S
S,C,T,T
S,S,C,C
S,S,C,S
S,S,C,T
S,S,S,C
S,S,S,S
S,S,S,T
S,S,T,C
S,S,T,S
S,S,T,T
S,T,C,C
S,T,C,S
S,T,C,T
S,T,S,C
S,T,S,S
S,T,S,T
S,T,T,C
S,T,T,S
S,T,T,T
T,C,C,C
T,C,C,S
T,C,C,T
T,C,S,C
T,C,S,S
T,C,S,T
T,C,T,C
T,C,T,S
T,C,T,T
T,S,C,C
T,S,C,S
T,S,C,T
T,S,S,C
T,S,S,S
T,S,S,T
T,S,T,C
T,S,T,S
T,S,T,T
T,T,C,C
T,T,C,S
T,T,C,T
T,T,S,C
T,T,S,S
T,T,S,T
T,T,T,C
T,T,T,S
T,T,T,T
