C,C,C
C,C,S
C,S,C
C,S,S
other
other
S,S,C
S,S,S
T,C,C
T,C,S
T,S,C
T,S,S
C,C,C
C,C,S
C,S,C
C,S,S
other
other
S,S,C
S,S,S
T,C,C
T,C,S
T,S,C
T,S,S
