other
C,S
S,C
other
T,C
T,S
other
C,S
C,T
S,C
other
S,T
